=== DLPC900 Initialization & DP Wake ===
[18:28:51] INFO     [+] Waking up DisplayPort receiver...                       
[18:28:52] INFO     [+] Done.                                                   
Waiting 6 seconds for Xorg and GPU to detect the DP hotplug event...
=== Launching Pattern Engine (via xinitrc_dmd.sh wrapper) ===


X.Org X Server 1.21.1.21
X Protocol Version 11, Revision 0
Current Operating System: Linux b01024-acad-ece-reserved-device-81-82.ece.ufl.edu 6.19.8-200.fc43.x86_64 #1 SMP PREEMPT_DYNAMIC Fri Mar 13 22:06:06 UTC 2026 x86_64
Kernel command line: BOOT_IMAGE=(hd0,gpt2)/vmlinuz-6.19.8-200.fc43.x86_64 root=/dev/mapper/fedora_b01024--acad--ece--reserved--device--81--82-root ro rd.lvm.lv=fedora_b01024-acad-ece-reserved-device-81-82/root rhgb quiet
Build ID: xorg-x11-server 21.1.21-1.fc43 
Current version of pixman: 0.46.2
	Before reporting problems, check http://wiki.x.org
	to make sure that you have the latest version.
Markers: (--) probed, (**) from config file, (==) default setting,
	(++) from command line, (!!) notice, (II) informational,
	(WW) warning, (EE) error, (NI) not implemented, (??) unknown.
(==) Log file: "/var/log/Xorg.0.log", Time: Tue Apr  7 18:28:58 2026
(==) Using config directory: "/etc/X11/xorg.conf.d"
(==) Using system config directory "/usr/share/X11/xorg.conf.d"
MESA: error: ZINK: failed to load libvulkan.so.1
MESA: error: ZINK: failed to load libvulkan.so.1
The XKEYBOARD keymap compiler (xkbcomp) reports:
> Warning:          Could not resolve keysym XF86OK
> Warning:          Could not resolve keysym XF86GoTo
> Warning:          Could not resolve keysym XF86VendorLogo
> Warning:          Could not resolve keysym XF86MediaSelectProgramGuide
> Warning:          Could not resolve keysym XF86MediaSelectProgramGuide
> Warning:          Could not resolve keysym XF86MediaSelectHome
> Warning:          Could not resolve keysym XF86MediaLanguageMenu
> Warning:          Could not resolve keysym XF86MediaTitleMenu
> Warning:          Could not resolve keysym XF86AudioChannelMode
> Warning:          Could not resolve keysym XF86MediaSelectPC
> Warning:          Could not resolve keysym XF86MediaSelectTV
> Warning:          Could not resolve keysym XF86MediaSelectCable
> Warning:          Could not resolve keysym XF86MediaSelectVCR
> Warning:          Could not resolve keysym XF86MediaSelectVCRPlus
> Warning:          Could not resolve keysym XF86MediaSelectSatellite
> Warning:          Could not resolve keysym XF86MediaSelectCD
> Warning:          Could not resolve keysym XF86MediaSelectTape
> Warning:          Could not resolve keysym XF86MediaSelectRadio
> Warning:          Could not resolve keysym XF86MediaSelectTuner
> Warning:          Could not resolve keysym XF86MediaPlayer
> Warning:          Could not resolve keysym XF86MediaSelectTeletext
> Warning:          Could not resolve keysym XF86MediaSelectAuxiliary
> Warning:          Could not resolve keysym XF86MediaPlaySlow
> Warning:          Could not resolve keysym XF86NumberEntryMode
> Warning:          Could not resolve keysym XF86RefreshRateToggle
> Warning:          Could not resolve keysym XF86Accessibility
> Warning:          Could not resolve keysym XF86DoNotDisturb
Errors from xkbcomp are not fatal to the X server
=== xinitrc_dmd: Configuring display for fixed 60Hz ===
Detected display output: DP-2
--- Current xrandr properties ---
Screen 0: minimum 320 x 200, current 1920 x 1080, maximum 16384 x 16384
DP-1 disconnected primary (normal left inverted right x axis y axis)
	dithering depth: auto 
		supported: auto, 6 bpc, 8 bpc
	dithering mode: auto 
		supported: auto, off, static 2x2, dynamic 2x2, temporal
	scaling mode: None 
		supported: None, Full, Center, Full aspect
	color vibrance: 150 
		range: (0, 200)
	vibrant hue: 90 
		range: (0, 180)
	underscan vborder: 0 
		range: (0, 128)
	underscan hborder: 0 
		range: (0, 128)
	underscan: off 
		supported: auto, off, on
	link-status: Good 
		supported: Good, Bad
	CTM: 	1.000000 0.000000 0.000000
		0.000000 1.000000 0.000000
		0.000000 0.000000 1.000000
	CONNECTOR_ID: 43 
		supported: 43
	non-desktop: 0 
		range: (0, 1)
DP-2 connected 1920x1080+0+0 (normal left inverted right x axis y axis) 1920mm x 1080mm
	EDID: 
		00ffffffffffff001190650000000000
		01180103a5000000da0485a0574a9b26
		125054ffff803140a97ca94081004540
		457cd10fd13c023a801871382d405858
		45008038740000180474801871382d40
		58584500803874000018000000fd000a
		780a73200000000000000000000000fc
		00444c50363530302044502020200118
		020321f058010206111504051014271f
		2022212e2f303228292a2b2c2de3051f
		00000000000000000000000000000000
		00000000000000000000000000000000
		00000000000000000000000000000000
		00000000000000000000000000000000
		00000000000000000000000000000000
		0000000000000000000000000000ffc9
	dithering depth: 8 bpc 
		supported: auto, 6 bpc, 8 bpc
	dithering mode: off 
		supported: auto, off, static 2x2, dynamic 2x2, temporal
	scaling mode: None 
---
Attempting to force Full RGB Range and disable dithering on DP-2...
Adding mode 1920x1080_60_RAW to output DP-2...
--- xrandr state after mode set ---
DP-2 connected 1920x1080+0+0 (normal left inverted right x axis y axis) 1920mm x 1080mm
	EDID: 
		00ffffffffffff001190650000000000
		01180103a5000000da0485a0574a9b26
		125054ffff803140a97ca94081004540
		457cd10fd13c023a801871382d405858
		45008038740000180474801871382d40
		58584500803874000018000000fd000a
		780a73200000000000000000000000fc
		00444c50363530302044502020200118
		020321f058010206111504051014271f
		2022212e2f303228292a2b2c2de3051f
		00000000000000000000000000000000
		00000000000000000000000000000000
		00000000000000000000000000000000
		00000000000000000000000000000000
---
=== Launching main.py ===
[18:29:02] INFO     [+] Initializing DLPC900...                      main.py:327
           INFO     [+] Configuring DLPC900 for 1920x1080 @ 60Hz     main.py:114
                    Video Pattern Mode (24 bit-planes)...                       
           DEBUG    Following TI documentation sequence (DLPU018J    main.py:117
                    Section 5.1)...                                             
           DEBUG      - Entering Video Mode (0) with DisplayPort     main.py:129
                    source...                                                   
           DEBUG      - Forcing Input Display Resolution to          main.py:136
                    1920x1080...                                                
           INFO     [+] Waiting for external source sync lock...     main.py:142
           INFO     [+] External source lock acquired. Ready for     main.py:144
                    Video Pattern Mode.                                         
           DEBUG      - Switching to Video Pattern Mode (0x02)...    main.py:153
           DEBUG      - Waiting 300ms for mode transition (per TI    main.py:157
                    spec)...                                                    
[18:29:03] DEBUG      - Display mode readback: 0 (expected: 2)       main.py:167
           DEBUG      - TRIG_OUT_1 config sent. Last error: 0        main.py:174
           DEBUG      - TRIG_OUT_2 config sent. Last error: 0        main.py:178
           INFO       - TRIG_OUT_1 readback: {'polarity':            main.py:183
                    'Non-inverted', 'rising_delay_us': 0,                       
                    'falling_delay_us': 20, 'raw': '0000001400'}                
           INFO       - TRIG_OUT_2 readback: {'polarity':            main.py:184
                    'Non-inverted', 'rising_delay_us': 0,                       
                    'falling_delay_us': 20, 'raw': '0000001400'}                
           INFO     [+] LUT: 24 entries, exposure=526us, binary      main.py:188
                    rate=1440 Hz                                                
           INFO     [+] Starting pattern sequencer...                main.py:195
           WARNING  [WARNING] Mode readback shows 0, not 2!          main.py:202
                    Retrying...                                                 
[18:29:04] DEBUG      - After retry, mode readback: 2                main.py:209
           DEBUG    ================================================= main.py:26
                    =================                                           
           DEBUG      DLPC900 Status Snapshot: POST-CONFIG (before GL main.py:27
                    stream)                                                     
           DEBUG    ================================================= main.py:28
                    =================                                           
           DEBUG    Hardware Status raw: 0x69                         main.py:32
           DEBUG      Internal init successful: True                  main.py:33
           DEBUG      DMD compatibility error: False                  main.py:34
           DEBUG      DMD reset ctrl error:    False                  main.py:35
           DEBUG      Forced swap error:       True                   main.py:36
           DEBUG      Sequence abort flag:     True                   main.py:37
           DEBUG      Sequence error flag:     False                  main.py:38
           DEBUG    Main Status raw:      0x1a                        main.py:42
           DEBUG      DMD parked:         False                       main.py:43
           DEBUG      Sequencer running:  True                        main.py:44
           DEBUG      Video frozen:       False                       main.py:45
           DEBUG      External src lock:  True                        main.py:46
           DEBUG      Port1 sync valid:   True                        main.py:47
           DEBUG      Port2 sync valid:   False                       main.py:48
           DEBUG    Port Config raw:      0x2                         main.py:52
           DEBUG      Pixel mode:         Dual Pixel P1-P2            main.py:53
           DEBUG      Pixel clock:        Clock 1                     main.py:54
           DEBUG      Data enable:        DE 1                        main.py:55
           DEBUG      Sync select:        P1 VSync/HSync              main.py:56
           DEBUG    Display Dimensions:                               main.py:60
           DEBUG      Total:              4160 x 1111                 main.py:61
           DEBUG      Active:             3840 x 1080                 main.py:64
           DEBUG      First pixel:        (111, 29)                   main.py:67
           DEBUG      Pixel clock:        277056 kHz                  main.py:70
           DEBUG    Last Error:           0                           main.py:74
           DEBUG    Display Mode:         2 (error flag: 0)           main.py:78
           DEBUG    ================================================= main.py:80
                    =================                                           
           DEBUG    Loaded libGLX.so => libGLX.so.0 <CDLL     ctypesloader.py:65
                    'libGLX.so.0', handle 55efb97bafc0 at                       
                    0x7fba9e784410>                                             
           INFO     No OpenGL_accelerate module loaded:  acceleratesupport.py:24
                    No module named 'OpenGL_accelerate'                         
           INFO     Failed to load library ( 'libOpenGL.so.0' ctypesloader.py:70
                    ): libOpenGL.so.0: cannot open shared                       
                    object file: No such file or directory                      
           DEBUG    Loaded libGL.so => libGL.so.1 <CDLL       ctypesloader.py:65
                    'libGL.so.1', handle 55efb97b8ce0 at                        
                    0x7fba9e785f90>                                             
           INFO     [+] Holding output for 60 seconds...             main.py:343
           INFO     [+] Starting Diagnostic Mode: Microsecond        main.py:422
                    Clock...                                                    
[18:29:05] DEBUG    ================================================= main.py:26
                    =================                                           
           DEBUG      DLPC900 Status Snapshot: POST-FIRST-FRAME       main.py:27
                    (after GL stream)                                           
           DEBUG    ================================================= main.py:28
                    =================                                           
           DEBUG    Hardware Status raw: 0x61                         main.py:32
           DEBUG      Internal init successful: True                  main.py:33
           DEBUG      DMD compatibility error: False                  main.py:34
           DEBUG      DMD reset ctrl error:    False                  main.py:35
           DEBUG      Forced swap error:       False                  main.py:36
           DEBUG      Sequence abort flag:     True                   main.py:37
           DEBUG      Sequence error flag:     False                  main.py:38
           DEBUG    Main Status raw:      0x1a                        main.py:42
           DEBUG      DMD parked:         False                       main.py:43
           DEBUG      Sequencer running:  True                        main.py:44
           DEBUG      Video frozen:       False                       main.py:45
           DEBUG      External src lock:  True                        main.py:46
           DEBUG      Port1 sync valid:   True                        main.py:47
           DEBUG      Port2 sync valid:   False                       main.py:48
           DEBUG    Port Config raw:      0x2                         main.py:52
           DEBUG      Pixel mode:         Dual Pixel P1-P2            main.py:53
           DEBUG      Pixel clock:        Clock 1                     main.py:54
           DEBUG      Data enable:        DE 1                        main.py:55
           DEBUG      Sync select:        P1 VSync/HSync              main.py:56
           DEBUG    Display Dimensions:                               main.py:60
           DEBUG      Total:              4160 x 1111                 main.py:61
           DEBUG      Active:             3840 x 1080                 main.py:64
           DEBUG      First pixel:        (111, 29)                   main.py:67
           DEBUG      Pixel clock:        277056 kHz                  main.py:70
           DEBUG    Last Error:           0                           main.py:74
           DEBUG    Display Mode:         2 (error flag: 0)           main.py:78
           DEBUG    ================================================= main.py:80
                    =================                                           
           DEBUG    Verification:                                    main.py:222
           DEBUG      display_mode_is_video_pattern  PASS            main.py:224
           DEBUG      sequencer_running              PASS            main.py:224
           INFO     [OK] Runtime verification passed                 main.py:236
                    (mode=VideoPattern, sequencer running).                     
